client/src/pages/atas-registro-preco.tsx(47,7): error TS2741: Property 'ataId' is missing in type '{ codigoInterno: string; descricao: string; unidadeMedida: string; }' but required in type '{ descricao: string; codigoInterno: string; unidadeMedida: string; ataId: string; }'.
client/src/pages/atas-registro-preco.tsx(256,17): error TS2345: Argument of type '{ descricao: string; codigoInterno: string; unidadeMedida: string; ataId: string; } | { codigoInterno: string; descricao: string; unidadeMedida: string; }' is not assignable to parameter of type 'SetStateAction<{ descricao: string; codigoInterno: string; unidadeMedida: string; ataId: string; }>'.
  Type '{ codigoInterno: string; descricao: string; unidadeMedida: string; }' is not assignable to type 'SetStateAction<{ descricao: string; codigoInterno: string; unidadeMedida: string; ataId: string; }>'.
    Property 'ataId' is missing in type '{ codigoInterno: string; descricao: string; unidadeMedida: string; }' but required in type '{ descricao: string; codigoInterno: string; unidadeMedida: string; ataId: string; }'.
client/src/pages/atas-registro-preco.tsx(333,31): error TS2322: Type '{ codigoInterno: string; descricao: string; unidadeMedida: string; }[]' is not assignable to type '{ descricao: string; codigoInterno: string; unidadeMedida: string; ataId: string; }[]'.
  Property 'ataId' is missing in type '{ codigoInterno: string; descricao: string; unidadeMedida: string; }' but required in type '{ descricao: string; codigoInterno: string; unidadeMedida: string; ataId: string; }'.
server/seed.ts(67,52): error TS2769: No overload matches this call.
  Overload 1 of 2, '(value: { nome: string | SQL<unknown> | Placeholder<string, any>; codigo: string | SQL<unknown> | Placeholder<string, any>; ano: string | SQL<unknown> | Placeholder<string, any>; id?: string | ... 2 more ... | undefined; criadoEm?: SQL<...> | ... 3 more ... | undefined; atualizadoEm?: SQL<...> | ... 3 more ... | undefined; }): PgInsertBase<...>', gave the following error.
    Argument of type '{ nome: string; codigo: string; }[]' is not assignable to parameter of type '{ nome: string | SQL<unknown> | Placeholder<string, any>; codigo: string | SQL<unknown> | Placeholder<string, any>; ano: string | SQL<unknown> | Placeholder<string, any>; id?: string | ... 2 more ... | undefined; criadoEm?: SQL<...> | ... 3 more ... | undefined; atualizadoEm?: SQL<...> | ... 3 more ... | undefined; }'.
      Type '{ nome: string; codigo: string; }[]' is missing the following properties from type '{ nome: string | SQL<unknown> | Placeholder<string, any>; codigo: string | SQL<unknown> | Placeholder<string, any>; ano: string | SQL<unknown> | Placeholder<string, any>; id?: string | ... 2 more ... | undefined; criadoEm?: SQL<...> | ... 3 more ... | undefined; atualizadoEm?: SQL<...> | ... 3 more ... | undefined; }': nome, codigo, ano
server/seed.ts(78,58): error TS2769: No overload matches this call.
  Overload 1 of 2, '(value: { descricao: string | SQL<unknown> | Placeholder<string, any>; codigo: string | SQL<unknown> | Placeholder<string, any>; ano: string | SQL<unknown> | Placeholder<...>; fonteRecursoId: string | ... 1 more ... | Placeholder<...>; id?: string | ... 2 more ... | undefined; criadoEm?: SQL<...> | ... 3 more ... | undefined; atualizadoEm?: SQL<...> | ... 3 more ... | undefined; }): PgInsertBase<...>', gave the following error.
    Argument of type '{ fonteRecursoId: string; codigo: string; descricao: string; }[]' is not assignable to parameter of type '{ descricao: string | SQL<unknown> | Placeholder<string, any>; codigo: string | SQL<unknown> | Placeholder<string, any>; ano: string | SQL<unknown> | Placeholder<...>; fonteRecursoId: string | ... 1 more ... | Placeholder<...>; id?: string | ... 2 more ... | undefined; criadoEm?: SQL<...> | ... 3 more ... | undefine...'.
      Type '{ fonteRecursoId: string; codigo: string; descricao: string; }[]' is missing the following properties from type '{ descricao: string | SQL<unknown> | Placeholder<string, any>; codigo: string | SQL<unknown> | Placeholder<string, any>; ano: string | SQL<unknown> | Placeholder<...>; fonteRecursoId: string | ... 1 more ... | Placeholder<...>; id?: string | ... 2 more ... | undefined; criadoEm?: SQL<...> | ... 3 more ... | undefine...': descricao, codigo, ano, fonteRecursoId
server/seed.ts(85,58): error TS2769: No overload matches this call.
  Overload 1 of 2, '(value: { codigo: string | SQL<unknown> | Placeholder<string, any>; ano: string | SQL<unknown> | Placeholder<string, any>; fonteRecursoId: string | SQL<unknown> | Placeholder<...>; projetoAtividadeId: string | ... 1 more ... | Placeholder<...>; classificacao: string | ... 1 more ... | Placeholder<...>; id?: string | ... 2 more ... | undefined; criadoEm?: SQL<...> | ... 3 more ... | undefined; }): PgInsertBase<...>', gave the following error.
    Argument of type '{ fonteRecursoId: string; projetoAtividadeId: string; codigo: string; classificacao: string; }[]' is not assignable to parameter of type '{ codigo: string | SQL<unknown> | Placeholder<string, any>; ano: string | SQL<unknown> | Placeholder<string, any>; fonteRecursoId: string | SQL<unknown> | Placeholder<...>; projetoAtividadeId: string | ... 1 more ... | Placeholder<...>; classificacao: string | ... 1 more ... | Placeholder<...>; id?: string | ... 2 m...'.
      Type '{ fonteRecursoId: string; projetoAtividadeId: string; codigo: string; classificacao: string; }[]' is missing the following properties from type '{ codigo: string | SQL<unknown> | Placeholder<string, any>; ano: string | SQL<unknown> | Placeholder<string, any>; fonteRecursoId: string | SQL<unknown> | Placeholder<...>; projetoAtividadeId: string | ... 1 more ... | Placeholder<...>; classificacao: string | ... 1 more ... | Placeholder<...>; id?: string | ... 2 m...': codigo, ano, fonteRecursoId, projetoAtividadeId, classificacao
server/storage.ts(408,12): error TS2352: Conversion of type '{ id: string; criadoEm: Date | null; atualizadoEm: Date | null; descricao: string | null; numeroProcessoDigital: string; objetoCompleto: string; objetoResumido: string; ... 4 more ...; fases: { ...; }[]; }[]' to type 'ProcessoDigitalWithRelations[]' may be a mistake because neither type sufficiently overlaps with the other. If this was intentional, convert the expression to 'unknown' first.
  Type '{ id: string; criadoEm: Date | null; atualizadoEm: Date | null; descricao: string | null; numeroProcessoDigital: string; objetoCompleto: string; objetoResumido: string; ... 4 more ...; fases: { ...; }[]; }' is not comparable to type 'ProcessoDigitalWithRelations'.
    Type '{ id: string; criadoEm: Date | null; atualizadoEm: Date | null; descricao: string | null; numeroProcessoDigital: string; objetoCompleto: string; objetoResumido: string; ... 4 more ...; fases: { ...; }[]; }' is not comparable to type '{ fases: FaseContratacaoWithRelations[]; departamento: ({ id: string; enteId: string | null; nome: string; criadoEm: Date | null; atualizadoEm: Date | null; descricao: string | null; } & { ...; }) | null; participantes?: ProcessoParticipanteWithDepartamento[] | undefined; itens?: ProcessoItemWithRelations[] | undefi...'.
      Types of property 'fases' are incompatible.
        Type '{ id: string; criadoEm: Date | null; departamentoId: string | null; fornecedorId: string; processoDigitalId: string; nomeFase: string; modalidade: string; numeroModalidade: string; dataInicio: string; dataFim: string | null; fornecedor: never; }[]' is not comparable to type 'FaseContratacaoWithRelations[]'.
          Type '{ id: string; criadoEm: Date | null; departamentoId: string | null; fornecedorId: string; processoDigitalId: string; nomeFase: string; modalidade: string; numeroModalidade: string; dataInicio: string; dataFim: string | null; fornecedor: never; }' is not comparable to type 'FaseContratacaoWithRelations'.
            Type '{ id: string; criadoEm: Date | null; departamentoId: string | null; fornecedorId: string; processoDigitalId: string; nomeFase: string; modalidade: string; numeroModalidade: string; dataInicio: string; dataFim: string | null; fornecedor: never; }' is missing the following properties from type '{ fornecedor: { id: string; email: string | null; nome: string; criadoEm: Date | null; atualizadoEm: Date | null; cnpj: string; telefone: string | null; cep: string | null; ... 5 more ...; uf: string | null; }; processoDigital: { ...; }; departamento: { ...; } | null; }': processoDigital, departamento
